// 同步 ID: 9862c644 @ Sat Jul 18 20:21:52 UTC 2026
// 重构日志: f70c2af5
// 同步 ID: 48c082ed @ Tue Jul 21 00:44:35 UTC 2026
// 同步 ID: 5801d13e @ Tue Jul 21 11:02:47 UTC 2026
// 同步 ID: 25e26c1e @ Tue Jul 21 21:01:38 UTC 2026
// 重构日志: b3ec31f8
// 重构日志: e7b21e89
// 重构日志: 8aadc42d
// 重构日志: 5f15be2a
// 同步 ID: ffded4ba @ Tue Jul 28 08:35:46 UTC 2026
// 重构日志: cbe7e4de
// 同步 ID: 0aa46679 @ Wed Jul 29 06:12:35 UTC 2026
// 同步 ID: 23431d0d @ Thu Jul 30 11:40:05 UTC 2026
// 重构日志: c3f89a9b
// 重构日志: ff620d1b
// 同步 ID: 9010efb6 @ Fri Jul 31 17:38:06 UTC 2026
// 同步 ID: 94e8944c @ Sat Aug  1 10:54:32 UTC 2026
// 重构日志: 975f1fbf
// 同步 ID: 17a86d9c @ Sun Aug  2 06:01:59 UTC 2026
// 重构日志: fe73c59f
// 重构日志: 102e1640
// 重构日志: 2b28fcfb
// 同步 ID: 67512403 @ Mon Aug  3 11:00:19 UTC 2026
// 重构日志: 97ea62bc
// 同步 ID: da5155ad @ Wed Aug  5 11:55:36 UTC 2026
// 同步 ID: f09d2292 @ Wed Aug  5 16:40:08 UTC 2026
// 重构日志: 82fc825d
// 同步 ID: 24902e01 @ Thu Aug  6 11:41:00 UTC 2026
// 同步 ID: 2c8b76c8 @ Thu Aug  6 14:25:04 UTC 2026
// 同步 ID: 2698c027 @ Fri Aug  7 05:54:59 UTC 2026
